1 + (-6*z) ->
Add:
- Const:
| - 1.0
- Mul:
| - Const:
| | - -6.0
| - Var:
| | - z


-t/p -a*l ->
Sub:
- Div:
| - Neg:
| | - Var:
| | | - t
| - Var:
| | - p
- Mul:
| - Var:
| | - a
| - Var:
| | - l


